// Vitest Snapshot v1, https://vitest.dev/guide/snapshot.html

exports[`Visual: Account snapshot > matches snapshot 1`] = `
<DocumentFragment>
  <div
    data-testid="mocked-navbar"
  >
    Mocked Navbar
  </div>
  <div
    class="MuiContainer-root MuiContainer-maxWidthSm css-14owtho-MuiContainer-root"
  >
    <div
      class="MuiBox-root css-dvxtzn"
    >
      <div
        class="MuiAvatar-root MuiAvatar-circular MuiAvatar-colorDefault css-165ewxr-MuiAvatar-root"
      >
        <svg
          aria-hidden="true"
          class="MuiSvgIcon-root MuiSvgIcon-fontSizeMedium MuiAvatar-fallback css-1mo2pzk-MuiSvgIcon-root-MuiAvatar-fallback"
          data-testid="PersonIcon"
          focusable="false"
          viewBox="0 0 24 24"
        >
          <path
            d="M12 12c2.21 0 4-1.79 4-4s-1.79-4-4-4-4 1.79-4 4 1.79 4 4 4zm0 2c-2.67 0-8 1.34-8 4v2h16v-2c0-2.66-5.33-4-8-4z"
          />
        </svg>
      </div>
      <h6
        class="MuiTypography-root MuiTypography-h6 css-1miy0lu-MuiTypography-root"
      >
        visual
      </h6>
      <p
        class="MuiTypography-root MuiTypography-body1 css-1ro85z9-MuiTypography-root"
      >
        visual@mail.com
      </p>
      <p
        class="MuiTypography-root MuiTypography-body2 css-14mf82g-MuiTypography-root"
      >
        Employer
      </p>
    </div>
    <div
      class="MuiBox-root css-h5fkc8"
    >
      <div
        class="MuiTypography-root MuiTypography-h5 MuiTypography-gutterBottom css-1f9xtph-MuiTypography-root"
      >
        account.socialStatus.title
      </div>
      <div
        class="MuiPaper-root MuiPaper-elevation MuiPaper-rounded MuiPaper-elevation1 css-1blig1b-MuiPaper-root"
        style="--Paper-shadow: 0px 2px 1px -1px rgba(0,0,0,0.2),0px 1px 1px 0px rgba(0,0,0,0.14),0px 1px 3px 0px rgba(0,0,0,0.12);"
      >
        <p
          class="MuiTypography-root MuiTypography-body1 css-rizt0-MuiTypography-root"
        >
          account.socialStatus.noAccountsConfigured
        </p>
      </div>
    </div>
  </div>
  <div
    data-testid="mocked-bottom-nav"
  >
    Mocked Bottom Nav
  </div>
</DocumentFragment>
`;
